# serializer version: 1
# name: test_checks
  list([
    StationCheck(
      bitrate=320,
      codec='MP3',
      country_code='US',
      country_subdivision_code='US-NY',
      description='Hi-Fi Classic Lounge',
      favicon='https://icecast.walmradio.com:8443/classic.jpg',
      hls=False,
      homepage='https://walmradio.com/classic',
      language_codes=list([
        'en',
      ]),
      latitude=40.75166,
      load_balancer='https://icecast.walmradio.com:8443/classic',
      longitude=-73.97538,
      metainfo_overrides_database=True,
      name='Classic Vinyl HD',
      ok=True,
      public=False,
      sampling=None,
      server_software='nginx',
      source='rb-radiobrowser-api-worker-74545fd88-5jgbn',
      ssl_error=0,
      station_uuid='d1a54d2e-623e-4970-ab11-35f7b56c5ec3',
      tags=list([
        'Lounge',
        'Easy Listening',
        'Strings',
        'Orchestral',
        'Jazz',
        'Swing',
        'Oldies',
        'OTR',
        'Classic Hits',
        'Crooners',
        'Big Band',
        'Beautiful Music',
        '1930',
        '1940',
        '1950',
        '1960',
        'relaxation',
        'unwind',
        'easy',
        'Light Orchestral',
        'HD',
        'WALM',
      ]),
      timestamp=datetime.datetime(2026, 9, 21, 8, 45, 5, tzinfo=datetime.timezone.utc),
      timing_ms=471,
      url='https://icecast.walmradio.com:8443/classic',
      uuid='88c721d3-448f-4943-beec-d37de2410644',
    ),
    StationCheck(
      bitrate=128,
      codec='MP3',
      country_code=None,
      country_subdivision_code=None,
      description='',
      favicon=None,
      hls=False,
      homepage='https://www.538.nl/nonstop',
      language_codes=list([
      ]),
      latitude=None,
      load_balancer=None,
      longitude=None,
      metainfo_overrides_database=False,
      name='538 Non stop',
      ok=True,
      public=None,
      sampling=None,
      server_software='MediaGateway 6.16.1-500.el9',
      source='rb-radiobrowser-api-worker-74545fd88-5jgbn',
      ssl_error=0,
      station_uuid='6c95ccdb-ca0a-4c59-a660-96e56ef2dca9',
      tags=list([
        'Top 40',
      ]),
      timestamp=datetime.datetime(2026, 9, 21, 15, 39, 42, tzinfo=datetime.timezone.utc),
      timing_ms=2301,
      url='http://playerservices.streamtheworld.com/api/livestream-redirect/TLPSTR09.mp3',
      uuid='31c16c59-0a55-4449-96dd-02f043b4c26a',
    ),
  ])
# ---
# name: test_clicks
  list([
    StationClick(
      station_uuid='6c95ccdb-ca0a-4c59-a660-96e56ef2dca9',
      timestamp=datetime.datetime(2026, 9, 30, 18, 7, 52, tzinfo=datetime.timezone.utc),
      uuid='daa84d31-bcf9-11f1-917d-f250a8e74cd1',
    ),
    StationClick(
      station_uuid='6c95ccdb-ca0a-4c59-a660-96e56ef2dca9',
      timestamp=datetime.datetime(2026, 9, 30, 18, 12, 57, tzinfo=datetime.timezone.utc),
      uuid='9056e00b-bcfa-11f1-917d-f250a8e74cd1',
    ),
  ])
# ---
