# serializer version: 1
# name: test_codecs
  list([
    Codec(
      name='MP3',
      station_count=44568,
    ),
    Codec(
      name='AAC+',
      station_count=9880,
    ),
    Codec(
      name='AAC',
      station_count=9019,
    ),
  ])
# ---
# name: test_countries
  list([
    Country(
      code='DE',
      name='Germany',
      station_count=6469,
    ),
    Country(
      code='XK',
      name='Kosovo',
      station_count=18,
    ),
    Country(
      code='NL',
      name='Netherlands',
      station_count=1545,
    ),
    Country(
      code='XX',
      name='XX',
      station_count=1,
    ),
  ])
# ---
# name: test_languages
  list([
    Language(
      code='nl',
      name='Dutch',
      station_count=926,
    ),
    Language(
      code='en',
      name='English',
      station_count=13524,
    ),
    Language(
      code=None,
      name='#English',
      station_count=3,
    ),
  ])
# ---
# name: test_states
  list([
    State(
      country='The Netherlands',
      name='Utrecht',
      station_count=10,
    ),
    State(
      country='The Netherlands',
      name='Utrecht, De Houten, Bergveste 2',
      station_count=1,
    ),
    State(
      country='The Netherlands',
      name='Utrecht, Midden Holland, Woerden, Rubensstraat 1 ',
      station_count=1,
    ),
  ])
# ---
# name: test_stats
  Stats(
    clicks_last_day=388753,
    clicks_last_hour=13974,
    countries=241,
    languages=682,
    software_version='0.7.45',
    stations=59816,
    stations_broken=7022,
    status='OK',
    supported_version=1,
    tags=12417,
  )
# ---
# name: test_tags
  list([
    Tag(
      name='pop',
      station_count=6337,
    ),
    Tag(
      name='music',
      station_count=5309,
    ),
    Tag(
      name='rock',
      station_count=3290,
    ),
  ])
# ---
